[INFO] Scanning for projects...
[INFO] 
[INFO] ---------------------------< com.sliit:paf >----------------------------
[INFO] Building Smart Campus 0.0.1-SNAPSHOT
[INFO]   from pom.xml
[INFO] --------------------------------[ jar ]---------------------------------
[INFO] 
[INFO] --- clean:3.3.2:clean (default-clean) @ paf ---
[INFO] Deleting C:\Users\Ramudi\Desktop\PAF Assignment\it3030-paf-2026-smart-campus-groupXX\backend\target
[INFO] 
[INFO] --- resources:3.3.1:resources (default-resources) @ paf ---
[INFO] Copying 1 resource from src\main\resources to target\classes
[INFO] Copying 0 resource from src\main\resources to target\classes
[INFO] 
[INFO] --- compiler:3.11.0:compile (default-compile) @ paf ---
[INFO] Changes detected - recompiling the module! :source
[INFO] Compiling 38 source files with javac [debug release 17] to target\classes
[INFO] Annotation processing is enabled because one or more processors were found
  on the class path. A future release of javac may disable annotation processing
  unless at least one processor is specified by name (-processor), or a search
  path is specified (--processor-path, --processor-module-path), or annotation
  processing is enabled explicitly (-proc:only, -proc:full).
  Use -Xlint:-options to suppress this message.
  Use -proc:none to disable annotation processing.
[INFO] -------------------------------------------------------------
[ERROR] COMPILATION ERROR : 
[INFO] -------------------------------------------------------------
[ERROR] /C:/Users/Ramudi/Desktop/PAF Assignment/it3030-paf-2026-smart-campus-groupXX/backend/src/main/java/com/sliit/paf/security/AuthEntryPointJwt.java:[8,41] package org.springframework.security.core does not exist
[ERROR] /C:/Users/Ramudi/Desktop/PAF Assignment/it3030-paf-2026-smart-campus-groupXX/backend/src/main/java/com/sliit/paf/security/AuthEntryPointJwt.java:[9,40] package org.springframework.security.web does not exist
[ERROR] /C:/Users/Ramudi/Desktop/PAF Assignment/it3030-paf-2026-smart-campus-groupXX/backend/src/main/java/com/sliit/paf/security/AuthEntryPointJwt.java:[15,43] cannot find symbol
  symbol: class AuthenticationEntryPoint
[ERROR] /C:/Users/Ramudi/Desktop/PAF Assignment/it3030-paf-2026-smart-campus-groupXX/backend/src/main/java/com/sliit/paf/security/AuthEntryPointJwt.java:[21,26] cannot find symbol
  symbol:   class AuthenticationException
  location: class com.sliit.paf.security.AuthEntryPointJwt
[ERROR] /C:/Users/Ramudi/Desktop/PAF Assignment/it3030-paf-2026-smart-campus-groupXX/backend/src/main/java/com/sliit/paf/controller/UserController.java:[10,51] package org.springframework.security.access.prepost does not exist
[ERROR] /C:/Users/Ramudi/Desktop/PAF Assignment/it3030-paf-2026-smart-campus-groupXX/backend/src/main/java/com/sliit/paf/controller/UserController.java:[11,49] package org.springframework.security.core.context does not exist
[ERROR] /C:/Users/Ramudi/Desktop/PAF Assignment/it3030-paf-2026-smart-campus-groupXX/backend/src/main/java/com/sliit/paf/security/CustomOAuth2UserService.java:[7,59] package org.springframework.security.oauth2.client.userinfo does not exist
[ERROR] /C:/Users/Ramudi/Desktop/PAF Assignment/it3030-paf-2026-smart-campus-groupXX/backend/src/main/java/com/sliit/paf/security/CustomOAuth2UserService.java:[8,59] package org.springframework.security.oauth2.client.userinfo does not exist
[ERROR] /C:/Users/Ramudi/Desktop/PAF Assignment/it3030-paf-2026-smart-campus-groupXX/backend/src/main/java/com/sliit/paf/security/CustomOAuth2UserService.java:[9,48] package org.springframework.security.oauth2.core does not exist
[ERROR] /C:/Users/Ramudi/Desktop/PAF Assignment/it3030-paf-2026-smart-campus-groupXX/backend/src/main/java/com/sliit/paf/security/CustomOAuth2UserService.java:[10,53] package org.springframework.security.oauth2.core.user does not exist
[ERROR] /C:/Users/Ramudi/Desktop/PAF Assignment/it3030-paf-2026-smart-campus-groupXX/backend/src/main/java/com/sliit/paf/security/CustomOAuth2UserService.java:[18,46] cannot find symbol
  symbol: class DefaultOAuth2UserService
[ERROR] /C:/Users/Ramudi/Desktop/PAF Assignment/it3030-paf-2026-smart-campus-groupXX/backend/src/main/java/com/sliit/paf/security/CustomOAuth2UserService.java:[27,32] cannot find symbol
  symbol:   class OAuth2UserRequest
  location: class com.sliit.paf.security.CustomOAuth2UserService
[ERROR] /C:/Users/Ramudi/Desktop/PAF Assignment/it3030-paf-2026-smart-campus-groupXX/backend/src/main/java/com/sliit/paf/security/CustomOAuth2UserService.java:[27,12] cannot find symbol
  symbol:   class OAuth2User
  location: class com.sliit.paf.security.CustomOAuth2UserService
[ERROR] /C:/Users/Ramudi/Desktop/PAF Assignment/it3030-paf-2026-smart-campus-groupXX/backend/src/main/java/com/sliit/paf/security/CustomOAuth2UserService.java:[27,70] cannot find symbol
  symbol:   class OAuth2AuthenticationException
  location: class com.sliit.paf.security.CustomOAuth2UserService
[ERROR] /C:/Users/Ramudi/Desktop/PAF Assignment/it3030-paf-2026-smart-campus-groupXX/backend/src/main/java/com/sliit/paf/security/CustomOAuth2UserService.java:[37,42] cannot find symbol
  symbol:   class OAuth2User
  location: class com.sliit.paf.security.CustomOAuth2UserService
[ERROR] /C:/Users/Ramudi/Desktop/PAF Assignment/it3030-paf-2026-smart-campus-groupXX/backend/src/main/java/com/sliit/paf/security/CustomOAuth2UserService.java:[37,13] cannot find symbol
  symbol:   class OAuth2User
  location: class com.sliit.paf.security.CustomOAuth2UserService
[ERROR] /C:/Users/Ramudi/Desktop/PAF Assignment/it3030-paf-2026-smart-campus-groupXX/backend/src/main/java/com/sliit/paf/controller/AuthController.java:[15,51] package org.springframework.security.authentication does not exist
[ERROR] /C:/Users/Ramudi/Desktop/PAF Assignment/it3030-paf-2026-smart-campus-groupXX/backend/src/main/java/com/sliit/paf/controller/AuthController.java:[16,51] package org.springframework.security.authentication does not exist
[ERROR] /C:/Users/Ramudi/Desktop/PAF Assignment/it3030-paf-2026-smart-campus-groupXX/backend/src/main/java/com/sliit/paf/service/AuthService.java:[14,51] package org.springframework.security.authentication does not exist
[ERROR] /C:/Users/Ramudi/Desktop/PAF Assignment/it3030-paf-2026-smart-campus-groupXX/backend/src/main/java/com/sliit/paf/service/AuthService.java:[15,51] package org.springframework.security.authentication does not exist
[ERROR] /C:/Users/Ramudi/Desktop/PAF Assignment/it3030-paf-2026-smart-campus-groupXX/backend/src/main/java/com/sliit/paf/service/AuthService.java:[16,41] package org.springframework.security.core does not exist
[ERROR] /C:/Users/Ramudi/Desktop/PAF Assignment/it3030-paf-2026-smart-campus-groupXX/backend/src/main/java/com/sliit/paf/service/AuthService.java:[17,49] package org.springframework.security.core.context does not exist
[ERROR] /C:/Users/Ramudi/Desktop/PAF Assignment/it3030-paf-2026-smart-campus-groupXX/backend/src/main/java/com/sliit/paf/service/AuthService.java:[18,52] package org.springframework.security.crypto.password does not exist
[ERROR] /C:/Users/Ramudi/Desktop/PAF Assignment/it3030-paf-2026-smart-campus-groupXX/backend/src/main/java/com/sliit/paf/service/AuthService.java:[34,19] cannot find symbol
  symbol:   class AuthenticationManager
  location: class com.sliit.paf.service.AuthService
[ERROR] /C:/Users/Ramudi/Desktop/PAF Assignment/it3030-paf-2026-smart-campus-groupXX/backend/src/main/java/com/sliit/paf/service/AuthService.java:[38,19] cannot find symbol
  symbol:   class PasswordEncoder
  location: class com.sliit.paf.service.AuthService
[ERROR] /C:/Users/Ramudi/Desktop/PAF Assignment/it3030-paf-2026-smart-campus-groupXX/backend/src/main/java/com/sliit/paf/security/JwtUtils.java:[4,26] package io.jsonwebtoken.io does not exist
[ERROR] /C:/Users/Ramudi/Desktop/PAF Assignment/it3030-paf-2026-smart-campus-groupXX/backend/src/main/java/com/sliit/paf/security/JwtUtils.java:[5,32] package io.jsonwebtoken.security does not exist
[ERROR] /C:/Users/Ramudi/Desktop/PAF Assignment/it3030-paf-2026-smart-campus-groupXX/backend/src/main/java/com/sliit/paf/security/JwtUtils.java:[9,41] package org.springframework.security.core does not exist
[ERROR] /C:/Users/Ramudi/Desktop/PAF Assignment/it3030-paf-2026-smart-campus-groupXX/backend/src/main/java/com/sliit/paf/security/JwtUtils.java:[10,41] package org.springframework.security.core does not exist
[ERROR] /C:/Users/Ramudi/Desktop/PAF Assignment/it3030-paf-2026-smart-campus-groupXX/backend/src/main/java/com/sliit/paf/service/AuthService.java:[42,24] cannot find symbol
  symbol:   class AuthenticationManager
  location: class com.sliit.paf.service.AuthService
[ERROR] /C:/Users/Ramudi/Desktop/PAF Assignment/it3030-paf-2026-smart-campus-groupXX/backend/src/main/java/com/sliit/paf/service/AuthService.java:[44,24] cannot find symbol
  symbol:   class PasswordEncoder
  location: class com.sliit.paf.service.AuthService
[ERROR] /C:/Users/Ramudi/Desktop/PAF Assignment/it3030-paf-2026-smart-campus-groupXX/backend/src/main/java/com/sliit/paf/security/JwtUtils.java:[28,36] cannot find symbol
  symbol:   class Authentication
  location: class com.sliit.paf.security.JwtUtils
[ERROR] /C:/Users/Ramudi/Desktop/PAF Assignment/it3030-paf-2026-smart-campus-groupXX/backend/src/main/java/com/sliit/paf/security/JwtUtils.java:[79,59] cannot find symbol
  symbol:   class GrantedAuthority
  location: class com.sliit.paf.security.JwtUtils
[ERROR] /C:/Users/Ramudi/Desktop/PAF Assignment/it3030-paf-2026-smart-campus-groupXX/backend/src/main/java/com/sliit/paf/security/JwtUtils.java:[3,1] package io.jsonwebtoken does not exist
[ERROR] /C:/Users/Ramudi/Desktop/PAF Assignment/it3030-paf-2026-smart-campus-groupXX/backend/src/main/java/com/sliit/paf/controller/AdminController.java:[6,51] package org.springframework.security.access.prepost does not exist
[ERROR] /C:/Users/Ramudi/Desktop/PAF Assignment/it3030-paf-2026-smart-campus-groupXX/backend/src/main/java/com/sliit/paf/controller/TechnicianController.java:[4,51] package org.springframework.security.access.prepost does not exist
[ERROR] /C:/Users/Ramudi/Desktop/PAF Assignment/it3030-paf-2026-smart-campus-groupXX/backend/src/main/java/com/sliit/paf/config/SecurityConfig.java:[12,51] package org.springframework.security.authentication does not exist
[ERROR] /C:/Users/Ramudi/Desktop/PAF Assignment/it3030-paf-2026-smart-campus-groupXX/backend/src/main/java/com/sliit/paf/config/SecurityConfig.java:[13,55] package org.springframework.security.authentication.dao does not exist
[ERROR] /C:/Users/Ramudi/Desktop/PAF Assignment/it3030-paf-2026-smart-campus-groupXX/backend/src/main/java/com/sliit/paf/config/SecurityConfig.java:[14,83] package org.springframework.security.config.annotation.authentication.configuration does not exist
[ERROR] /C:/Users/Ramudi/Desktop/PAF Assignment/it3030-paf-2026-smart-campus-groupXX/backend/src/main/java/com/sliit/paf/config/SecurityConfig.java:[15,75] package org.springframework.security.config.annotation.method.configuration does not exist
[ERROR] /C:/Users/Ramudi/Desktop/PAF Assignment/it3030-paf-2026-smart-campus-groupXX/backend/src/main/java/com/sliit/paf/config/SecurityConfig.java:[16,67] package org.springframework.security.config.annotation.web.builders does not exist
[ERROR] /C:/Users/Ramudi/Desktop/PAF Assignment/it3030-paf-2026-smart-campus-groupXX/backend/src/main/java/com/sliit/paf/config/SecurityConfig.java:[17,70] package org.springframework.security.config.annotation.web.configurers does not exist
[ERROR] /C:/Users/Ramudi/Desktop/PAF Assignment/it3030-paf-2026-smart-campus-groupXX/backend/src/main/java/com/sliit/paf/config/SecurityConfig.java:[18,48] package org.springframework.security.config.http does not exist
[ERROR] /C:/Users/Ramudi/Desktop/PAF Assignment/it3030-paf-2026-smart-campus-groupXX/backend/src/main/java/com/sliit/paf/config/SecurityConfig.java:[19,50] package org.springframework.security.crypto.bcrypt does not exist
[ERROR] /C:/Users/Ramudi/Desktop/PAF Assignment/it3030-paf-2026-smart-campus-groupXX/backend/src/main/java/com/sliit/paf/config/SecurityConfig.java:[20,52] package org.springframework.security.crypto.password does not exist
[ERROR] /C:/Users/Ramudi/Desktop/PAF Assignment/it3030-paf-2026-smart-campus-groupXX/backend/src/main/java/com/sliit/paf/config/SecurityConfig.java:[21,40] package org.springframework.security.web does not exist
[ERROR] /C:/Users/Ramudi/Desktop/PAF Assignment/it3030-paf-2026-smart-campus-groupXX/backend/src/main/java/com/sliit/paf/config/SecurityConfig.java:[22,55] package org.springframework.security.web.authentication does not exist
[ERROR] /C:/Users/Ramudi/Desktop/PAF Assignment/it3030-paf-2026-smart-campus-groupXX/backend/src/main/java/com/sliit/paf/config/SecurityConfig.java:[30,2] cannot find symbol
  symbol: class EnableMethodSecurity
[ERROR] /C:/Users/Ramudi/Desktop/PAF Assignment/it3030-paf-2026-smart-campus-groupXX/backend/src/main/java/com/sliit/paf/security/UserDetailsServiceImpl.java:[6,53] package org.springframework.security.core.userdetails does not exist
[ERROR] /C:/Users/Ramudi/Desktop/PAF Assignment/it3030-paf-2026-smart-campus-groupXX/backend/src/main/java/com/sliit/paf/security/UserDetailsServiceImpl.java:[7,53] package org.springframework.security.core.userdetails does not exist
[ERROR] /C:/Users/Ramudi/Desktop/PAF Assignment/it3030-paf-2026-smart-campus-groupXX/backend/src/main/java/com/sliit/paf/security/UserDetailsServiceImpl.java:[8,53] package org.springframework.security.core.userdetails does not exist
[ERROR] /C:/Users/Ramudi/Desktop/PAF Assignment/it3030-paf-2026-smart-campus-groupXX/backend/src/main/java/com/sliit/paf/security/UserDetailsServiceImpl.java:[12,48] cannot find symbol
  symbol: class UserDetailsService
[ERROR] /C:/Users/Ramudi/Desktop/PAF Assignment/it3030-paf-2026-smart-campus-groupXX/backend/src/main/java/com/sliit/paf/security/OAuth2AuthenticationSuccessHandler.java:[8,41] package org.springframework.security.core does not exist
[ERROR] /C:/Users/Ramudi/Desktop/PAF Assignment/it3030-paf-2026-smart-campus-groupXX/backend/src/main/java/com/sliit/paf/security/OAuth2AuthenticationSuccessHandler.java:[9,55] package org.springframework.security.web.authentication does not exist
[ERROR] /C:/Users/Ramudi/Desktop/PAF Assignment/it3030-paf-2026-smart-campus-groupXX/backend/src/main/java/com/sliit/paf/security/OAuth2AuthenticationSuccessHandler.java:[17,57] cannot find symbol
  symbol: class SimpleUrlAuthenticationSuccessHandler
[ERROR] /C:/Users/Ramudi/Desktop/PAF Assignment/it3030-paf-2026-smart-campus-groupXX/backend/src/main/java/com/sliit/paf/security/AuthTokenFilter.java:[8,51] package org.springframework.security.authentication does not exist
[ERROR] /C:/Users/Ramudi/Desktop/PAF Assignment/it3030-paf-2026-smart-campus-groupXX/backend/src/main/java/com/sliit/paf/security/AuthTokenFilter.java:[9,49] package org.springframework.security.core.context does not exist
[ERROR] /C:/Users/Ramudi/Desktop/PAF Assignment/it3030-paf-2026-smart-campus-groupXX/backend/src/main/java/com/sliit/paf/security/AuthTokenFilter.java:[10,53] package org.springframework.security.core.userdetails does not exist
[ERROR] /C:/Users/Ramudi/Desktop/PAF Assignment/it3030-paf-2026-smart-campus-groupXX/backend/src/main/java/com/sliit/paf/security/AuthTokenFilter.java:[11,55] package org.springframework.security.web.authentication does not exist
[ERROR] /C:/Users/Ramudi/Desktop/PAF Assignment/it3030-paf-2026-smart-campus-groupXX/backend/src/main/java/com/sliit/paf/config/SecurityConfig.java:[55,12] cannot find symbol
  symbol:   class DaoAuthenticationProvider
  location: class com.sliit.paf.config.SecurityConfig
[ERROR] /C:/Users/Ramudi/Desktop/PAF Assignment/it3030-paf-2026-smart-campus-groupXX/backend/src/main/java/com/sliit/paf/config/SecurityConfig.java:[63,56] cannot find symbol
  symbol:   class AuthenticationConfiguration
  location: class com.sliit.paf.config.SecurityConfig
[ERROR] /C:/Users/Ramudi/Desktop/PAF Assignment/it3030-paf-2026-smart-campus-groupXX/backend/src/main/java/com/sliit/paf/config/SecurityConfig.java:[63,12] cannot find symbol
  symbol:   class AuthenticationManager
  location: class com.sliit.paf.config.SecurityConfig
[ERROR] /C:/Users/Ramudi/Desktop/PAF Assignment/it3030-paf-2026-smart-campus-groupXX/backend/src/main/java/com/sliit/paf/config/SecurityConfig.java:[68,12] cannot find symbol
  symbol:   class PasswordEncoder
  location: class com.sliit.paf.config.SecurityConfig
[ERROR] /C:/Users/Ramudi/Desktop/PAF Assignment/it3030-paf-2026-smart-campus-groupXX/backend/src/main/java/com/sliit/paf/config/SecurityConfig.java:[85,44] cannot find symbol
  symbol:   class HttpSecurity
  location: class com.sliit.paf.config.SecurityConfig
[ERROR] /C:/Users/Ramudi/Desktop/PAF Assignment/it3030-paf-2026-smart-campus-groupXX/backend/src/main/java/com/sliit/paf/config/SecurityConfig.java:[85,12] cannot find symbol
  symbol:   class SecurityFilterChain
  location: class com.sliit.paf.config.SecurityConfig
[ERROR] /C:/Users/Ramudi/Desktop/PAF Assignment/it3030-paf-2026-smart-campus-groupXX/backend/src/main/java/com/sliit/paf/security/OAuth2AuthenticationSuccessHandler.java:[26,99] cannot find symbol
  symbol:   class Authentication
  location: class com.sliit.paf.security.OAuth2AuthenticationSuccessHandler
[ERROR] /C:/Users/Ramudi/Desktop/PAF Assignment/it3030-paf-2026-smart-campus-groupXX/backend/src/main/java/com/sliit/paf/security/UserDetailsServiceImpl.java:[18,12] cannot find symbol
  symbol:   class UserDetails
  location: class com.sliit.paf.security.UserDetailsServiceImpl
[ERROR] /C:/Users/Ramudi/Desktop/PAF Assignment/it3030-paf-2026-smart-campus-groupXX/backend/src/main/java/com/sliit/paf/security/UserDetailsServiceImpl.java:[18,64] cannot find symbol
  symbol:   class UsernameNotFoundException
  location: class com.sliit.paf.security.UserDetailsServiceImpl
[ERROR] /C:/Users/Ramudi/Desktop/PAF Assignment/it3030-paf-2026-smart-campus-groupXX/backend/src/main/java/com/sliit/paf/security/UserDetailsImpl.java:[5,41] package org.springframework.security.core does not exist
[ERROR] /C:/Users/Ramudi/Desktop/PAF Assignment/it3030-paf-2026-smart-campus-groupXX/backend/src/main/java/com/sliit/paf/security/UserDetailsImpl.java:[6,51] package org.springframework.security.core.authority does not exist
[ERROR] /C:/Users/Ramudi/Desktop/PAF Assignment/it3030-paf-2026-smart-campus-groupXX/backend/src/main/java/com/sliit/paf/security/UserDetailsImpl.java:[7,53] package org.springframework.security.core.userdetails does not exist
[ERROR] /C:/Users/Ramudi/Desktop/PAF Assignment/it3030-paf-2026-smart-campus-groupXX/backend/src/main/java/com/sliit/paf/security/UserDetailsImpl.java:[8,53] package org.springframework.security.oauth2.core.user does not exist
[ERROR] /C:/Users/Ramudi/Desktop/PAF Assignment/it3030-paf-2026-smart-campus-groupXX/backend/src/main/java/com/sliit/paf/security/UserDetailsImpl.java:[15,41] cannot find symbol
  symbol: class UserDetails
[ERROR] /C:/Users/Ramudi/Desktop/PAF Assignment/it3030-paf-2026-smart-campus-groupXX/backend/src/main/java/com/sliit/paf/security/UserDetailsImpl.java:[15,54] cannot find symbol
  symbol: class OAuth2User
[ERROR] /C:/Users/Ramudi/Desktop/PAF Assignment/it3030-paf-2026-smart-campus-groupXX/backend/src/main/java/com/sliit/paf/security/UserDetailsImpl.java:[26,34] cannot find symbol
  symbol:   class GrantedAuthority
  location: class com.sliit.paf.security.UserDetailsImpl
[ERROR] /C:/Users/Ramudi/Desktop/PAF Assignment/it3030-paf-2026-smart-campus-groupXX/backend/src/main/java/com/sliit/paf/security/UserDetailsImpl.java:[30,49] cannot find symbol
  symbol:   class GrantedAuthority
  location: class com.sliit.paf.security.UserDetailsImpl
[ERROR] /C:/Users/Ramudi/Desktop/PAF Assignment/it3030-paf-2026-smart-campus-groupXX/backend/src/main/java/com/sliit/paf/security/UserDetailsImpl.java:[74,33] cannot find symbol
  symbol:   class GrantedAuthority
  location: class com.sliit.paf.security.UserDetailsImpl
[ERROR] /C:/Users/Ramudi/Desktop/PAF Assignment/it3030-paf-2026-smart-campus-groupXX/backend/src/main/java/com/sliit/paf/controller/UserController.java:[44,6] cannot find symbol
  symbol:   class PreAuthorize
  location: class com.sliit.paf.controller.UserController
[ERROR] /C:/Users/Ramudi/Desktop/PAF Assignment/it3030-paf-2026-smart-campus-groupXX/backend/src/main/java/com/sliit/paf/controller/UserController.java:[50,6] cannot find symbol
  symbol:   class PreAuthorize
  location: class com.sliit.paf.controller.UserController
[ERROR] /C:/Users/Ramudi/Desktop/PAF Assignment/it3030-paf-2026-smart-campus-groupXX/backend/src/main/java/com/sliit/paf/controller/AdminController.java:[22,6] cannot find symbol
  symbol:   class PreAuthorize
  location: class com.sliit.paf.controller.AdminController
[ERROR] /C:/Users/Ramudi/Desktop/PAF Assignment/it3030-paf-2026-smart-campus-groupXX/backend/src/main/java/com/sliit/paf/controller/TechnicianController.java:[17,6] cannot find symbol
  symbol:   class PreAuthorize
  location: class com.sliit.paf.controller.TechnicianController
[INFO] 81 errors 
[INFO] -------------------------------------------------------------
[INFO] ------------------------------------------------------------------------
[INFO] BUILD FAILURE
[INFO] ------------------------------------------------------------------------
[INFO] Total time:  5.183 s
[INFO] Finished at: 2026-04-19T18:54:43+05:30
[INFO] ------------------------------------------------------------------------
[ERROR] Failed to execute goal org.apache.maven.plugins:maven-compiler-plugin:3.11.0:compile (default-compile) on project paf: Compilation failure: Compilation failure: 
[ERROR] /C:/Users/Ramudi/Desktop/PAF Assignment/it3030-paf-2026-smart-campus-groupXX/backend/src/main/java/com/sliit/paf/security/AuthEntryPointJwt.java:[8,41] package org.springframework.security.core does not exist
[ERROR] /C:/Users/Ramudi/Desktop/PAF Assignment/it3030-paf-2026-smart-campus-groupXX/backend/src/main/java/com/sliit/paf/security/AuthEntryPointJwt.java:[9,40] package org.springframework.security.web does not exist
[ERROR] /C:/Users/Ramudi/Desktop/PAF Assignment/it3030-paf-2026-smart-campus-groupXX/backend/src/main/java/com/sliit/paf/security/AuthEntryPointJwt.java:[15,43] cannot find symbol
[ERROR]   symbol: class AuthenticationEntryPoint
[ERROR] /C:/Users/Ramudi/Desktop/PAF Assignment/it3030-paf-2026-smart-campus-groupXX/backend/src/main/java/com/sliit/paf/security/AuthEntryPointJwt.java:[21,26] cannot find symbol
[ERROR]   symbol:   class AuthenticationException
[ERROR]   location: class com.sliit.paf.security.AuthEntryPointJwt
[ERROR] /C:/Users/Ramudi/Desktop/PAF Assignment/it3030-paf-2026-smart-campus-groupXX/backend/src/main/java/com/sliit/paf/controller/UserController.java:[10,51] package org.springframework.security.access.prepost does not exist
[ERROR] /C:/Users/Ramudi/Desktop/PAF Assignment/it3030-paf-2026-smart-campus-groupXX/backend/src/main/java/com/sliit/paf/controller/UserController.java:[11,49] package org.springframework.security.core.context does not exist
[ERROR] /C:/Users/Ramudi/Desktop/PAF Assignment/it3030-paf-2026-smart-campus-groupXX/backend/src/main/java/com/sliit/paf/security/CustomOAuth2UserService.java:[7,59] package org.springframework.security.oauth2.client.userinfo does not exist
[ERROR] /C:/Users/Ramudi/Desktop/PAF Assignment/it3030-paf-2026-smart-campus-groupXX/backend/src/main/java/com/sliit/paf/security/CustomOAuth2UserService.java:[8,59] package org.springframework.security.oauth2.client.userinfo does not exist
[ERROR] /C:/Users/Ramudi/Desktop/PAF Assignment/it3030-paf-2026-smart-campus-groupXX/backend/src/main/java/com/sliit/paf/security/CustomOAuth2UserService.java:[9,48] package org.springframework.security.oauth2.core does not exist
[ERROR] /C:/Users/Ramudi/Desktop/PAF Assignment/it3030-paf-2026-smart-campus-groupXX/backend/src/main/java/com/sliit/paf/security/CustomOAuth2UserService.java:[10,53] package org.springframework.security.oauth2.core.user does not exist
[ERROR] /C:/Users/Ramudi/Desktop/PAF Assignment/it3030-paf-2026-smart-campus-groupXX/backend/src/main/java/com/sliit/paf/security/CustomOAuth2UserService.java:[18,46] cannot find symbol
[ERROR]   symbol: class DefaultOAuth2UserService
[ERROR] /C:/Users/Ramudi/Desktop/PAF Assignment/it3030-paf-2026-smart-campus-groupXX/backend/src/main/java/com/sliit/paf/security/CustomOAuth2UserService.java:[27,32] cannot find symbol
[ERROR]   symbol:   class OAuth2UserRequest
[ERROR]   location: class com.sliit.paf.security.CustomOAuth2UserService
[ERROR] /C:/Users/Ramudi/Desktop/PAF Assignment/it3030-paf-2026-smart-campus-groupXX/backend/src/main/java/com/sliit/paf/security/CustomOAuth2UserService.java:[27,12] cannot find symbol
[ERROR]   symbol:   class OAuth2User
[ERROR]   location: class com.sliit.paf.security.CustomOAuth2UserService
[ERROR] /C:/Users/Ramudi/Desktop/PAF Assignment/it3030-paf-2026-smart-campus-groupXX/backend/src/main/java/com/sliit/paf/security/CustomOAuth2UserService.java:[27,70] cannot find symbol
[ERROR]   symbol:   class OAuth2AuthenticationException
[ERROR]   location: class com.sliit.paf.security.CustomOAuth2UserService
[ERROR] /C:/Users/Ramudi/Desktop/PAF Assignment/it3030-paf-2026-smart-campus-groupXX/backend/src/main/java/com/sliit/paf/security/CustomOAuth2UserService.java:[37,42] cannot find symbol
[ERROR]   symbol:   class OAuth2User
[ERROR]   location: class com.sliit.paf.security.CustomOAuth2UserService
[ERROR] /C:/Users/Ramudi/Desktop/PAF Assignment/it3030-paf-2026-smart-campus-groupXX/backend/src/main/java/com/sliit/paf/security/CustomOAuth2UserService.java:[37,13] cannot find symbol
[ERROR]   symbol:   class OAuth2User
[ERROR]   location: class com.sliit.paf.security.CustomOAuth2UserService
[ERROR] /C:/Users/Ramudi/Desktop/PAF Assignment/it3030-paf-2026-smart-campus-groupXX/backend/src/main/java/com/sliit/paf/controller/AuthController.java:[15,51] package org.springframework.security.authentication does not exist
[ERROR] /C:/Users/Ramudi/Desktop/PAF Assignment/it3030-paf-2026-smart-campus-groupXX/backend/src/main/java/com/sliit/paf/controller/AuthController.java:[16,51] package org.springframework.security.authentication does not exist
[ERROR] /C:/Users/Ramudi/Desktop/PAF Assignment/it3030-paf-2026-smart-campus-groupXX/backend/src/main/java/com/sliit/paf/service/AuthService.java:[14,51] package org.springframework.security.authentication does not exist
[ERROR] /C:/Users/Ramudi/Desktop/PAF Assignment/it3030-paf-2026-smart-campus-groupXX/backend/src/main/java/com/sliit/paf/service/AuthService.java:[15,51] package org.springframework.security.authentication does not exist
[ERROR] /C:/Users/Ramudi/Desktop/PAF Assignment/it3030-paf-2026-smart-campus-groupXX/backend/src/main/java/com/sliit/paf/service/AuthService.java:[16,41] package org.springframework.security.core does not exist
[ERROR] /C:/Users/Ramudi/Desktop/PAF Assignment/it3030-paf-2026-smart-campus-groupXX/backend/src/main/java/com/sliit/paf/service/AuthService.java:[17,49] package org.springframework.security.core.context does not exist
[ERROR] /C:/Users/Ramudi/Desktop/PAF Assignment/it3030-paf-2026-smart-campus-groupXX/backend/src/main/java/com/sliit/paf/service/AuthService.java:[18,52] package org.springframework.security.crypto.password does not exist
[ERROR] /C:/Users/Ramudi/Desktop/PAF Assignment/it3030-paf-2026-smart-campus-groupXX/backend/src/main/java/com/sliit/paf/service/AuthService.java:[34,19] cannot find symbol
[ERROR]   symbol:   class AuthenticationManager
[ERROR]   location: class com.sliit.paf.service.AuthService
[ERROR] /C:/Users/Ramudi/Desktop/PAF Assignment/it3030-paf-2026-smart-campus-groupXX/backend/src/main/java/com/sliit/paf/service/AuthService.java:[38,19] cannot find symbol
[ERROR]   symbol:   class PasswordEncoder
[ERROR]   location: class com.sliit.paf.service.AuthService
[ERROR] /C:/Users/Ramudi/Desktop/PAF Assignment/it3030-paf-2026-smart-campus-groupXX/backend/src/main/java/com/sliit/paf/security/JwtUtils.java:[4,26] package io.jsonwebtoken.io does not exist
[ERROR] /C:/Users/Ramudi/Desktop/PAF Assignment/it3030-paf-2026-smart-campus-groupXX/backend/src/main/java/com/sliit/paf/security/JwtUtils.java:[5,32] package io.jsonwebtoken.security does not exist
[ERROR] /C:/Users/Ramudi/Desktop/PAF Assignment/it3030-paf-2026-smart-campus-groupXX/backend/src/main/java/com/sliit/paf/security/JwtUtils.java:[9,41] package org.springframework.security.core does not exist
[ERROR] /C:/Users/Ramudi/Desktop/PAF Assignment/it3030-paf-2026-smart-campus-groupXX/backend/src/main/java/com/sliit/paf/security/JwtUtils.java:[10,41] package org.springframework.security.core does not exist
[ERROR] /C:/Users/Ramudi/Desktop/PAF Assignment/it3030-paf-2026-smart-campus-groupXX/backend/src/main/java/com/sliit/paf/service/AuthService.java:[42,24] cannot find symbol
[ERROR]   symbol:   class AuthenticationManager
[ERROR]   location: class com.sliit.paf.service.AuthService
[ERROR] /C:/Users/Ramudi/Desktop/PAF Assignment/it3030-paf-2026-smart-campus-groupXX/backend/src/main/java/com/sliit/paf/service/AuthService.java:[44,24] cannot find symbol
[ERROR]   symbol:   class PasswordEncoder
[ERROR]   location: class com.sliit.paf.service.AuthService
[ERROR] /C:/Users/Ramudi/Desktop/PAF Assignment/it3030-paf-2026-smart-campus-groupXX/backend/src/main/java/com/sliit/paf/security/JwtUtils.java:[28,36] cannot find symbol
[ERROR]   symbol:   class Authentication
[ERROR]   location: class com.sliit.paf.security.JwtUtils
[ERROR] /C:/Users/Ramudi/Desktop/PAF Assignment/it3030-paf-2026-smart-campus-groupXX/backend/src/main/java/com/sliit/paf/security/JwtUtils.java:[79,59] cannot find symbol
[ERROR]   symbol:   class GrantedAuthority
[ERROR]   location: class com.sliit.paf.security.JwtUtils
[ERROR] /C:/Users/Ramudi/Desktop/PAF Assignment/it3030-paf-2026-smart-campus-groupXX/backend/src/main/java/com/sliit/paf/security/JwtUtils.java:[3,1] package io.jsonwebtoken does not exist
[ERROR] /C:/Users/Ramudi/Desktop/PAF Assignment/it3030-paf-2026-smart-campus-groupXX/backend/src/main/java/com/sliit/paf/controller/AdminController.java:[6,51] package org.springframework.security.access.prepost does not exist
[ERROR] /C:/Users/Ramudi/Desktop/PAF Assignment/it3030-paf-2026-smart-campus-groupXX/backend/src/main/java/com/sliit/paf/controller/TechnicianController.java:[4,51] package org.springframework.security.access.prepost does not exist
[ERROR] /C:/Users/Ramudi/Desktop/PAF Assignment/it3030-paf-2026-smart-campus-groupXX/backend/src/main/java/com/sliit/paf/config/SecurityConfig.java:[12,51] package org.springframework.security.authentication does not exist
[ERROR] /C:/Users/Ramudi/Desktop/PAF Assignment/it3030-paf-2026-smart-campus-groupXX/backend/src/main/java/com/sliit/paf/config/SecurityConfig.java:[13,55] package org.springframework.security.authentication.dao does not exist
[ERROR] /C:/Users/Ramudi/Desktop/PAF Assignment/it3030-paf-2026-smart-campus-groupXX/backend/src/main/java/com/sliit/paf/config/SecurityConfig.java:[14,83] package org.springframework.security.config.annotation.authentication.configuration does not exist
[ERROR] /C:/Users/Ramudi/Desktop/PAF Assignment/it3030-paf-2026-smart-campus-groupXX/backend/src/main/java/com/sliit/paf/config/SecurityConfig.java:[15,75] package org.springframework.security.config.annotation.method.configuration does not exist
[ERROR] /C:/Users/Ramudi/Desktop/PAF Assignment/it3030-paf-2026-smart-campus-groupXX/backend/src/main/java/com/sliit/paf/config/SecurityConfig.java:[16,67] package org.springframework.security.config.annotation.web.builders does not exist
[ERROR] /C:/Users/Ramudi/Desktop/PAF Assignment/it3030-paf-2026-smart-campus-groupXX/backend/src/main/java/com/sliit/paf/config/SecurityConfig.java:[17,70] package org.springframework.security.config.annotation.web.configurers does not exist
[ERROR] /C:/Users/Ramudi/Desktop/PAF Assignment/it3030-paf-2026-smart-campus-groupXX/backend/src/main/java/com/sliit/paf/config/SecurityConfig.java:[18,48] package org.springframework.security.config.http does not exist
[ERROR] /C:/Users/Ramudi/Desktop/PAF Assignment/it3030-paf-2026-smart-campus-groupXX/backend/src/main/java/com/sliit/paf/config/SecurityConfig.java:[19,50] package org.springframework.security.crypto.bcrypt does not exist
[ERROR] /C:/Users/Ramudi/Desktop/PAF Assignment/it3030-paf-2026-smart-campus-groupXX/backend/src/main/java/com/sliit/paf/config/SecurityConfig.java:[20,52] package org.springframework.security.crypto.password does not exist
[ERROR] /C:/Users/Ramudi/Desktop/PAF Assignment/it3030-paf-2026-smart-campus-groupXX/backend/src/main/java/com/sliit/paf/config/SecurityConfig.java:[21,40] package org.springframework.security.web does not exist
[ERROR] /C:/Users/Ramudi/Desktop/PAF Assignment/it3030-paf-2026-smart-campus-groupXX/backend/src/main/java/com/sliit/paf/config/SecurityConfig.java:[22,55] package org.springframework.security.web.authentication does not exist
[ERROR] /C:/Users/Ramudi/Desktop/PAF Assignment/it3030-paf-2026-smart-campus-groupXX/backend/src/main/java/com/sliit/paf/config/SecurityConfig.java:[30,2] cannot find symbol
[ERROR]   symbol: class EnableMethodSecurity
[ERROR] /C:/Users/Ramudi/Desktop/PAF Assignment/it3030-paf-2026-smart-campus-groupXX/backend/src/main/java/com/sliit/paf/security/UserDetailsServiceImpl.java:[6,53] package org.springframework.security.core.userdetails does not exist
[ERROR] /C:/Users/Ramudi/Desktop/PAF Assignment/it3030-paf-2026-smart-campus-groupXX/backend/src/main/java/com/sliit/paf/security/UserDetailsServiceImpl.java:[7,53] package org.springframework.security.core.userdetails does not exist
[ERROR] /C:/Users/Ramudi/Desktop/PAF Assignment/it3030-paf-2026-smart-campus-groupXX/backend/src/main/java/com/sliit/paf/security/UserDetailsServiceImpl.java:[8,53] package org.springframework.security.core.userdetails does not exist
[ERROR] /C:/Users/Ramudi/Desktop/PAF Assignment/it3030-paf-2026-smart-campus-groupXX/backend/src/main/java/com/sliit/paf/security/UserDetailsServiceImpl.java:[12,48] cannot find symbol
[ERROR]   symbol: class UserDetailsService
[ERROR] /C:/Users/Ramudi/Desktop/PAF Assignment/it3030-paf-2026-smart-campus-groupXX/backend/src/main/java/com/sliit/paf/security/OAuth2AuthenticationSuccessHandler.java:[8,41] package org.springframework.security.core does not exist
[ERROR] /C:/Users/Ramudi/Desktop/PAF Assignment/it3030-paf-2026-smart-campus-groupXX/backend/src/main/java/com/sliit/paf/security/OAuth2AuthenticationSuccessHandler.java:[9,55] package org.springframework.security.web.authentication does not exist
[ERROR] /C:/Users/Ramudi/Desktop/PAF Assignment/it3030-paf-2026-smart-campus-groupXX/backend/src/main/java/com/sliit/paf/security/OAuth2AuthenticationSuccessHandler.java:[17,57] cannot find symbol
[ERROR]   symbol: class SimpleUrlAuthenticationSuccessHandler
[ERROR] /C:/Users/Ramudi/Desktop/PAF Assignment/it3030-paf-2026-smart-campus-groupXX/backend/src/main/java/com/sliit/paf/security/AuthTokenFilter.java:[8,51] package org.springframework.security.authentication does not exist
[ERROR] /C:/Users/Ramudi/Desktop/PAF Assignment/it3030-paf-2026-smart-campus-groupXX/backend/src/main/java/com/sliit/paf/security/AuthTokenFilter.java:[9,49] package org.springframework.security.core.context does not exist
[ERROR] /C:/Users/Ramudi/Desktop/PAF Assignment/it3030-paf-2026-smart-campus-groupXX/backend/src/main/java/com/sliit/paf/security/AuthTokenFilter.java:[10,53] package org.springframework.security.core.userdetails does not exist
[ERROR] /C:/Users/Ramudi/Desktop/PAF Assignment/it3030-paf-2026-smart-campus-groupXX/backend/src/main/java/com/sliit/paf/security/AuthTokenFilter.java:[11,55] package org.springframework.security.web.authentication does not exist
[ERROR] /C:/Users/Ramudi/Desktop/PAF Assignment/it3030-paf-2026-smart-campus-groupXX/backend/src/main/java/com/sliit/paf/config/SecurityConfig.java:[55,12] cannot find symbol
[ERROR]   symbol:   class DaoAuthenticationProvider
[ERROR]   location: class com.sliit.paf.config.SecurityConfig
[ERROR] /C:/Users/Ramudi/Desktop/PAF Assignment/it3030-paf-2026-smart-campus-groupXX/backend/src/main/java/com/sliit/paf/config/SecurityConfig.java:[63,56] cannot find symbol
[ERROR]   symbol:   class AuthenticationConfiguration
[ERROR]   location: class com.sliit.paf.config.SecurityConfig
[ERROR] /C:/Users/Ramudi/Desktop/PAF Assignment/it3030-paf-2026-smart-campus-groupXX/backend/src/main/java/com/sliit/paf/config/SecurityConfig.java:[63,12] cannot find symbol
[ERROR]   symbol:   class AuthenticationManager
[ERROR]   location: class com.sliit.paf.config.SecurityConfig
[ERROR] /C:/Users/Ramudi/Desktop/PAF Assignment/it3030-paf-2026-smart-campus-groupXX/backend/src/main/java/com/sliit/paf/config/SecurityConfig.java:[68,12] cannot find symbol
[ERROR]   symbol:   class PasswordEncoder
[ERROR]   location: class com.sliit.paf.config.SecurityConfig
[ERROR] /C:/Users/Ramudi/Desktop/PAF Assignment/it3030-paf-2026-smart-campus-groupXX/backend/src/main/java/com/sliit/paf/config/SecurityConfig.java:[85,44] cannot find symbol
[ERROR]   symbol:   class HttpSecurity
[ERROR]   location: class com.sliit.paf.config.SecurityConfig
[ERROR] /C:/Users/Ramudi/Desktop/PAF Assignment/it3030-paf-2026-smart-campus-groupXX/backend/src/main/java/com/sliit/paf/config/SecurityConfig.java:[85,12] cannot find symbol
[ERROR]   symbol:   class SecurityFilterChain
[ERROR]   location: class com.sliit.paf.config.SecurityConfig
[ERROR] /C:/Users/Ramudi/Desktop/PAF Assignment/it3030-paf-2026-smart-campus-groupXX/backend/src/main/java/com/sliit/paf/security/OAuth2AuthenticationSuccessHandler.java:[26,99] cannot find symbol
[ERROR]   symbol:   class Authentication
[ERROR]   location: class com.sliit.paf.security.OAuth2AuthenticationSuccessHandler
[ERROR] /C:/Users/Ramudi/Desktop/PAF Assignment/it3030-paf-2026-smart-campus-groupXX/backend/src/main/java/com/sliit/paf/security/UserDetailsServiceImpl.java:[18,12] cannot find symbol
[ERROR]   symbol:   class UserDetails
[ERROR]   location: class com.sliit.paf.security.UserDetailsServiceImpl
[ERROR] /C:/Users/Ramudi/Desktop/PAF Assignment/it3030-paf-2026-smart-campus-groupXX/backend/src/main/java/com/sliit/paf/security/UserDetailsServiceImpl.java:[18,64] cannot find symbol
[ERROR]   symbol:   class UsernameNotFoundException
[ERROR]   location: class com.sliit.paf.security.UserDetailsServiceImpl
[ERROR] /C:/Users/Ramudi/Desktop/PAF Assignment/it3030-paf-2026-smart-campus-groupXX/backend/src/main/java/com/sliit/paf/security/UserDetailsImpl.java:[5,41] package org.springframework.security.core does not exist
[ERROR] /C:/Users/Ramudi/Desktop/PAF Assignment/it3030-paf-2026-smart-campus-groupXX/backend/src/main/java/com/sliit/paf/security/UserDetailsImpl.java:[6,51] package org.springframework.security.core.authority does not exist
[ERROR] /C:/Users/Ramudi/Desktop/PAF Assignment/it3030-paf-2026-smart-campus-groupXX/backend/src/main/java/com/sliit/paf/security/UserDetailsImpl.java:[7,53] package org.springframework.security.core.userdetails does not exist
[ERROR] /C:/Users/Ramudi/Desktop/PAF Assignment/it3030-paf-2026-smart-campus-groupXX/backend/src/main/java/com/sliit/paf/security/UserDetailsImpl.java:[8,53] package org.springframework.security.oauth2.core.user does not exist
[ERROR] /C:/Users/Ramudi/Desktop/PAF Assignment/it3030-paf-2026-smart-campus-groupXX/backend/src/main/java/com/sliit/paf/security/UserDetailsImpl.java:[15,41] cannot find symbol
[ERROR]   symbol: class UserDetails
[ERROR] /C:/Users/Ramudi/Desktop/PAF Assignment/it3030-paf-2026-smart-campus-groupXX/backend/src/main/java/com/sliit/paf/security/UserDetailsImpl.java:[15,54] cannot find symbol
[ERROR]   symbol: class OAuth2User
[ERROR] /C:/Users/Ramudi/Desktop/PAF Assignment/it3030-paf-2026-smart-campus-groupXX/backend/src/main/java/com/sliit/paf/security/UserDetailsImpl.java:[26,34] cannot find symbol
[ERROR]   symbol:   class GrantedAuthority
[ERROR]   location: class com.sliit.paf.security.UserDetailsImpl
[ERROR] /C:/Users/Ramudi/Desktop/PAF Assignment/it3030-paf-2026-smart-campus-groupXX/backend/src/main/java/com/sliit/paf/security/UserDetailsImpl.java:[30,49] cannot find symbol
[ERROR]   symbol:   class GrantedAuthority
[ERROR]   location: class com.sliit.paf.security.UserDetailsImpl
[ERROR] /C:/Users/Ramudi/Desktop/PAF Assignment/it3030-paf-2026-smart-campus-groupXX/backend/src/main/java/com/sliit/paf/security/UserDetailsImpl.java:[74,33] cannot find symbol
[ERROR]   symbol:   class GrantedAuthority
[ERROR]   location: class com.sliit.paf.security.UserDetailsImpl
[ERROR] /C:/Users/Ramudi/Desktop/PAF Assignment/it3030-paf-2026-smart-campus-groupXX/backend/src/main/java/com/sliit/paf/controller/UserController.java:[44,6] cannot find symbol
[ERROR]   symbol:   class PreAuthorize
[ERROR]   location: class com.sliit.paf.controller.UserController
[ERROR] /C:/Users/Ramudi/Desktop/PAF Assignment/it3030-paf-2026-smart-campus-groupXX/backend/src/main/java/com/sliit/paf/controller/UserController.java:[50,6] cannot find symbol
[ERROR]   symbol:   class PreAuthorize
[ERROR]   location: class com.sliit.paf.controller.UserController
[ERROR] /C:/Users/Ramudi/Desktop/PAF Assignment/it3030-paf-2026-smart-campus-groupXX/backend/src/main/java/com/sliit/paf/controller/AdminController.java:[22,6] cannot find symbol
[ERROR]   symbol:   class PreAuthorize
[ERROR]   location: class com.sliit.paf.controller.AdminController
[ERROR] /C:/Users/Ramudi/Desktop/PAF Assignment/it3030-paf-2026-smart-campus-groupXX/backend/src/main/java/com/sliit/paf/controller/TechnicianController.java:[17,6] cannot find symbol
[ERROR]   symbol:   class PreAuthorize
[ERROR]   location: class com.sliit.paf.controller.TechnicianController
[ERROR] -> [Help 1]
[ERROR] 
[ERROR] To see the full stack trace of the errors, re-run Maven with the -e switch.
[ERROR] Re-run Maven using the -X switch to enable full debug logging.
[ERROR] 
[ERROR] For more information about the errors and possible solutions, please read the following articles:
[ERROR] [Help 1] http://cwiki.apache.org/confluence/display/MAVEN/MojoFailureException
